--------- beginning of main
06-25 11:49:27.792 21151 21151 D InputMethodManagerUtils: startInputInner - Id : 0
06-25 11:49:27.792 21151 21151 I InputMethodManager: startInputInner - IInputMethodManagerGlobalInvoker.startInputOrWindowGainedFocus
06-25 11:49:28.228 21151 21151 V PythonActivity: onPause()
06-25 11:49:28.228 21151 21151 V SDL     : onPause()
06-25 11:49:28.241 21151 21151 I ViewRootImpl@f6511c2[PythonActivity]: handleAppVisibility mAppVisible = true visible = false
06-25 11:49:28.248 21151 21151 I SurfaceView@a896040: onWindowVisibilityChanged(8) false org.libsdl.app.SDLSurface{a896040 VFE...... .F...... 0,0-1080,2186 aid=1073741824} of ViewRootImpl@f6511c2[PythonActivity]
06-25 11:49:28.249 21151 21151 I SurfaceView: 176775232 Changes: creating=false format=false size=false visible=true alpha=false hint=false visible=true left=false top=false z=false attached=true lifecycleStrategy=false
06-25 11:49:28.249 21151 21151 I SurfaceView@a896040: 176775232 Cur surface: Surface(name=null)/@0x1c4406c
06-25 11:49:28.249 21151 21151 I SurfaceView: 176775232 surfaceDestroyed
06-25 11:49:28.250 21151 21151 I SurfaceView@a896040: surfaceDestroyed callback.size 1 #2 org.libsdl.app.SDLSurface{a896040 VFE...... .F...... 0,0-1080,2186 aid=1073741824}
06-25 11:49:28.250 21151 21151 V SDL     : surfaceDestroyed()
06-25 11:49:28.250 21151 21151 V SDL     : nativePause()
06-25 11:49:28.251 21151 21151 D SensorManager: unregisterListener
06-25 11:49:28.282 21151 21151 I SurfaceView@a896040: updateSurface: mVisible = false mSurface.isValid() = true
06-25 11:49:28.283 21151 21151 I SurfaceView@a896040: releaseSurfaces: viewRoot = ViewRootImpl@f6511c2[PythonActivity]
06-25 11:49:28.284 21151 21151 V SurfaceView@a896040: Layout: x=0 y=88 w=1080 h=2186, frame=Rect(0, 0 - 1080, 2186)
06-25 11:49:28.284 21151 21151 I ViewRootImpl@f6511c2[PythonActivity]: destroyHardwareResources: Callers=android.view.ViewRootImpl.performTraversals:3932 android.view.ViewRootImpl.doTraversal:3288 android.view.ViewRootImpl$TraversalRunnable.run:11344 android.view.Choreographer$CallbackRecord.run:1689 android.view.Choreographer$CallbackRecord.run:1698 android.view.Choreographer.doCallbacks:1153 android.view.Choreographer.doFrame:1079 android.view.Choreographer$FrameDisplayEventReceiver.run:1646 android.os.Handler.handleCallback:958 android.os.Handler.dispatchMessage:99 
06-25 11:49:28.285 21151 21175 D SurfaceView: 198980132 windowPositionLost, frameNr = 0
06-25 11:49:28.286 21151 21175 D OpenGLRenderer: CacheManager::trimMemory(20)
06-25 11:49:28.313 21151 21151 I ViewRootImpl@f6511c2[PythonActivity]: Relayout returned: old=(0,0,1080,2400) new=(0,0,1080,2400) relayoutAsync=false req=(1080,2400)8 dur=17 res=0x402 s={false 0x0} ch=true seqId=0
06-25 11:49:28.313 21151 21151 I SurfaceView@a896040: windowStopped(true) false org.libsdl.app.SDLSurface{a896040 VFE...... .F...... 0,0-1080,2186 aid=1073741824} of ViewRootImpl@f6511c2[PythonActivity]
06-25 11:49:28.313 21151 21151 D SurfaceView@a896040: updateSurface: surface is not valid
06-25 11:49:28.314 21151 21151 I SurfaceView@a896040: releaseSurfaces: viewRoot = ViewRootImpl@f6511c2[PythonActivity]
06-25 11:49:28.318 21151 21151 D SurfaceView@a896040: updateSurface: surface is not valid
06-25 11:49:28.318 21151 21151 I SurfaceView@a896040: releaseSurfaces: viewRoot = ViewRootImpl@f6511c2[PythonActivity]
06-25 11:49:28.319 21151 21175 D OpenGLRenderer: CacheManager::trimMemory(20)
06-25 11:49:28.320 21151 21151 I ViewRootImpl@f6511c2[PythonActivity]: handleWindowFocusChanged: 0 0 call from android.view.ViewRootImpl.-$$Nest$mhandleWindowFocusChanged:0
06-25 11:49:28.321 21151 21151 I ImeFocusController: onPreWindowFocus: skipped, hasWindowFocus=false mHasImeFocus=true
06-25 11:49:28.321 21151 21151 V SDL     : onWindowFocusChanged(): false
06-25 11:49:28.321 21151 21151 V SDL     : nativeFocusChanged()
06-25 11:49:28.322 21151 21151 I ImeFocusController: onPostWindowFocus: skipped, hasWindowFocus=false mHasImeFocus=true
06-25 11:49:28.323 21151 21151 D SurfaceView@a896040: updateSurface: surface is not valid
06-25 11:49:28.323 21151 21151 I SurfaceView@a896040: releaseSurfaces: viewRoot = ViewRootImpl@f6511c2[PythonActivity]
06-25 11:49:28.324 21151 21151 I ViewRootImpl@f6511c2[PythonActivity]: stopped(true) old = false
06-25 11:49:28.324 21151 21151 D ViewRootImpl@f6511c2[PythonActivity]: WindowStopped on com.timekeeper.timekeeper/org.kivy.android.PythonActivity set to true
06-25 11:49:28.324 21151 21175 D OpenGLRenderer: CacheManager::trimMemory(20)
06-25 11:49:28.325 21151 21151 V SDL     : onStop()
06-25 11:49:28.326 21151 21151 I ViewRootImpl@f6511c2[PythonActivity]: onDisplayChanged oldDisplayState=2 newDisplayState=1
06-25 11:49:28.343 21151 21151 D SurfaceView@a896040: updateSurface: surface is not valid
06-25 11:49:28.343 21151 21151 I SurfaceView@a896040: releaseSurfaces: viewRoot = ViewRootImpl@f6511c2[PythonActivity]
06-25 11:49:28.437 21151 21151 I ViewRootImpl@f6511c2[PythonActivity]: onDisplayChanged oldDisplayState=1 newDisplayState=1
06-25 11:49:29.018 21151 21151 I ViewRootImpl@f6511c2[PythonActivity]: onDisplayChanged oldDisplayState=1 newDisplayState=3
06-25 11:49:29.036 21151 21151 D SurfaceView@a896040: updateSurface: surface is not valid
06-25 11:49:29.036 21151 21151 I SurfaceView@a896040: releaseSurfaces: viewRoot = ViewRootImpl@f6511c2[PythonActivity]
06-25 11:49:29.242 21151 21151 I ViewRootImpl@f6511c2[PythonActivity]: onDisplayChanged oldDisplayState=3 newDisplayState=3
06-25 11:49:30.098 21151 21151 I ViewRootImpl@f6511c2[PythonActivity]: onDisplayChanged oldDisplayState=3 newDisplayState=4
06-25 11:49:30.144 21151 21151 I ViewRootImpl@f6511c2[PythonActivity]: onDisplayChanged oldDisplayState=4 newDisplayState=4
06-25 11:49:31.628 21151 21151 I ViewRootImpl@f6511c2[PythonActivity]: onDisplayChanged oldDisplayState=4 newDisplayState=3
06-25 11:49:31.639 21151 21151 I ViewRootImpl@f6511c2[PythonActivity]: onDisplayChanged oldDisplayState=3 newDisplayState=3
06-25 11:49:32.627 21151 21151 I ViewRootImpl@f6511c2[PythonActivity]: onDisplayChanged oldDisplayState=3 newDisplayState=4
06-25 11:49:32.672 21151 21151 I ViewRootImpl@f6511c2[PythonActivity]: onDisplayChanged oldDisplayState=4 newDisplayState=4
06-25 11:49:33.021 21151 21151 I ViewRootImpl@f6511c2[PythonActivity]: onDisplayChanged oldDisplayState=4 newDisplayState=3
06-25 11:49:33.033 21151 21151 I ViewRootImpl@f6511c2[PythonActivity]: onDisplayChanged oldDisplayState=3 newDisplayState=3
06-25 11:49:33.148 21151 21151 I ViewRootImpl@f6511c2[PythonActivity]: onDisplayChanged oldDisplayState=3 newDisplayState=4
06-25 11:49:33.203 21151 21151 I ViewRootImpl@f6511c2[PythonActivity]: onDisplayChanged oldDisplayState=4 newDisplayState=4
06-25 11:49:51.805 21151 21151 I ViewRootImpl@f6511c2[PythonActivity]: onDisplayChanged oldDisplayState=4 newDisplayState=3
06-25 11:49:51.816 21151 21151 I ViewRootImpl@f6511c2[PythonActivity]: onDisplayChanged oldDisplayState=3 newDisplayState=3
06-25 11:49:52.808 21151 21151 I ViewRootImpl@f6511c2[PythonActivity]: onDisplayChanged oldDisplayState=3 newDisplayState=4
06-25 11:49:52.853 21151 21151 I ViewRootImpl@f6511c2[PythonActivity]: onDisplayChanged oldDisplayState=4 newDisplayState=4
06-25 11:50:01.076 21151 21151 I ViewRootImpl@f6511c2[PythonActivity]: onDisplayChanged oldDisplayState=4 newDisplayState=3
06-25 11:50:01.175 21151 21151 I ViewRootImpl@f6511c2[PythonActivity]: onDisplayChanged oldDisplayState=3 newDisplayState=4
06-25 11:50:01.226 21151 21151 I ViewRootImpl@f6511c2[PythonActivity]: onDisplayChanged oldDisplayState=4 newDisplayState=4
06-25 11:50:01.839 21151 21151 I ViewRootImpl@f6511c2[PythonActivity]: onDisplayChanged oldDisplayState=4 newDisplayState=3
06-25 11:50:02.851 21151 21151 I ViewRootImpl@f6511c2[PythonActivity]: onDisplayChanged oldDisplayState=3 newDisplayState=4
06-25 11:50:02.905 21151 21151 I ViewRootImpl@f6511c2[PythonActivity]: onDisplayChanged oldDisplayState=4 newDisplayState=4
06-25 11:50:11.894 21151 21151 I ViewRootImpl@f6511c2[PythonActivity]: onDisplayChanged oldDisplayState=4 newDisplayState=3
06-25 11:50:11.908 21151 21151 I ViewRootImpl@f6511c2[PythonActivity]: onDisplayChanged oldDisplayState=3 newDisplayState=3
06-25 11:50:12.917 21151 21151 I ViewRootImpl@f6511c2[PythonActivity]: onDisplayChanged oldDisplayState=3 newDisplayState=4
06-25 11:50:12.973 21151 21151 I ViewRootImpl@f6511c2[PythonActivity]: onDisplayChanged oldDisplayState=4 newDisplayState=4
06-25 11:50:21.946 21151 21151 I ViewRootImpl@f6511c2[PythonActivity]: onDisplayChanged oldDisplayState=4 newDisplayState=3
06-25 11:50:21.964 21151 21151 I ViewRootImpl@f6511c2[PythonActivity]: onDisplayChanged oldDisplayState=3 newDisplayState=3
06-25 11:50:22.971 21151 21151 I ViewRootImpl@f6511c2[PythonActivity]: onDisplayChanged oldDisplayState=3 newDisplayState=4
06-25 11:50:23.021 21151 21151 I ViewRootImpl@f6511c2[PythonActivity]: onDisplayChanged oldDisplayState=4 newDisplayState=4
06-25 11:50:26.796 21151 21151 I ViewRootImpl@f6511c2[PythonActivity]: onDisplayChanged oldDisplayState=4 newDisplayState=3
06-25 11:50:26.828 21151 21151 I ViewRootImpl@f6511c2[PythonActivity]: onDisplayChanged oldDisplayState=3 newDisplayState=3
06-25 11:50:26.867 21151 21151 I ViewRootImpl@f6511c2[PythonActivity]: onDisplayChanged oldDisplayState=3 newDisplayState=2
06-25 11:50:26.874 21151 21151 D SurfaceView@a896040: updateSurface: surface is not valid
06-25 11:50:26.874 21151 21151 I SurfaceView@a896040: releaseSurfaces: viewRoot = ViewRootImpl@f6511c2[PythonActivity]
06-25 11:50:27.006 21151 21151 I ViewRootImpl@f6511c2[PythonActivity]: onDisplayChanged oldDisplayState=2 newDisplayState=2
06-25 11:50:28.259 21151 21151 I ViewRootImpl@f6511c2[PythonActivity]: handleAppVisibility mAppVisible = false visible = true
06-25 11:50:28.260 21151 21151 I ViewRootImpl@f6511c2[PythonActivity]: stopped(false) old = true
06-25 11:50:28.261 21151 21151 D ViewRootImpl@f6511c2[PythonActivity]: WindowStopped on com.timekeeper.timekeeper/org.kivy.android.PythonActivity set to false
06-25 11:50:28.264 21151 21151 V SDL     : onStart()
06-25 11:50:28.271 21151 21151 V PythonActivity: onResume()
06-25 11:50:28.271 21151 21151 V SDL     : onResume()
06-25 11:50:28.275 21151 21151 I SurfaceView@a896040: onWindowVisibilityChanged(0) false org.libsdl.app.SDLSurface{a896040 VFE...... .F...... 0,0-1080,2186 aid=1073741824} of ViewRootImpl@f6511c2[PythonActivity]
06-25 11:50:28.275 21151 21151 D SurfaceView@a896040: updateSurface: surface is not valid
06-25 11:50:28.275 21151 21151 I SurfaceView@a896040: releaseSurfaces: viewRoot = ViewRootImpl@f6511c2[PythonActivity]
06-25 11:50:28.295 21151 21151 I InsetsController: onStateChanged: host=com.timekeeper.timekeeper/org.kivy.android.PythonActivity, from=android.view.ViewRootImpl.relayoutWindow:10072, state=InsetsState: {mDisplayFrame=Rect(0, 0 - 1080, 2400), mDisplayCutout=DisplayCutout{insets=Rect(0, 88 - 0, 0) waterfall=Insets{left=0, top=0, right=0, bottom=0} boundingRect={Bounds=[Rect(0, 0 - 0, 0), Rect(512, 0 - 568, 88), Rect(0, 0 - 0, 0), Rect(0, 0 - 0, 0)]} cutoutPathParserInfo={CutoutPathParserInfo{displayWidth=1080 displayHeight=2400 physicalDisplayWidth=1080 physicalDisplayHeight=2400 density={2.625} cutoutSpec={M 0,0 M 0,12.25101276465640 a 10.60613009248640,10.60613009248640 0 1,0 0,21.21226018497290 a 10.60613009248640,10.60613009248640 0 1,0 0,-21.21226018497290 Z @dp} rotation={0} scale={1.0} physicalPixelDisplaySizeRatio={1.0}}}}, mRoundedCorners=RoundedCorners{[RoundedCorner{position=TopLeft, radius=0, center=Point(0, 0)}, RoundedCorner{position=TopRight, radius=0, center=Point(0, 0)}, RoundedCorner{position=BottomRight, radius=0, center=Point(0, 0)}, RoundedCorner{position=BottomLeft, radius=0, center=Point(0, 0)}]}  mRoundedCornerFrame=Rect(0, 0 - 1080, 2400), mPrivacyIndicatorBounds=PrivacyIndicatorBounds {static bounds=Rect(964, 0 - 1080, 88) rotation=0}, mDisplayShape=DisplayShape{ spec=-311912193 displayWidth=1080 displayHeight=2400 physicalPixelDisplaySizeRatio=1.0 rotation=0 offsetX=0 offsetY=0 scale=1.0}, mSources= { InsetsSource: {b48b0000 mType=statusBars mFrame=[0,0][1080,88] mVisible=true mFlags=[]}, InsetsSource: {b48b0005 mType=mandatorySystemGestures mFrame=[0,0][1080,120] mVisible=true mFlags=[]}, InsetsSource: {b48b0006 mType=tappableElement mFrame=[0,0][1080,88] mVisible=true mFlags=[]}, InsetsSource: {3 mType=ime mFrame=[0,0][0,0] mVisible=false mFlags=[]}, InsetsSource: {27 mType=displayCutout mFrame=[0,0][1080,88] mVisible=true mFlags=[]}, InsetsSource: {1fbd0001 mType=navigationBars mFrame=[0,2274][1080,2400] mVisible=false mFlags=[]}, InsetsSource: {1fbd0004 mType=systemGestures mFrame=[0,0][0,0] mVisible=true mFlags=[]}, InsetsSource: {1fbd0005 mType=mandatorySystemGestures mFrame=[0,2274][1080,2400] mVisible=true mFlags=[]}, InsetsSource: {1fbd0006 mType=tappableElement mFrame=[0,2274][1080,2400] mVisible=true mFlags=[]}, InsetsSource: {1fbd0024 mType=systemGestures mFrame=[0,0][0,0] mVisible=true mFlags=[]} }
06-25 11:50:28.303 21151 21151 I BufferQueueProducer: [](id:529f00000006,api:0,p:-1,c:21151) setDequeueTimeout:2077252342
06-25 11:50:28.303 21151 21151 I BLASTBufferQueue_Java: new BLASTBufferQueue, mName= ViewRootImpl@f6511c2[PythonActivity] mNativeObject= 0xb40000771f2385b0 sc.mNativeObject= 0xb40000778f22c210 caller= android.view.ViewRootImpl.updateBlastSurfaceIfNeeded:3028 android.view.ViewRootImpl.relayoutWindow:10131 android.view.ViewRootImpl.performTraversals:4110 android.view.ViewRootImpl.doTraversal:3288 android.view.ViewRootImpl$TraversalRunnable.run:11344 android.view.Choreographer$CallbackRecord.run:1689 android.view.Choreographer$CallbackRecord.run:1698 android.view.Choreographer.doCallbacks:1153 android.view.Choreographer.doFrame:1079 android.view.Choreographer$FrameDisplayEventReceiver.run:1646 
06-25 11:50:28.304 21151 21151 I BLASTBufferQueue_Java: update, w= 1080 h= 2400 mName = ViewRootImpl@f6511c2[PythonActivity] mNativeObject= 0xb40000771f2385b0 sc.mNativeObject= 0xb40000778f22c210 format= -3 caller= android.graphics.BLASTBufferQueue.<init>:89 android.view.ViewRootImpl.updateBlastSurfaceIfNeeded:3028 android.view.ViewRootImpl.relayoutWindow:10131 android.view.ViewRootImpl.performTraversals:4110 android.view.ViewRootImpl.doTraversal:3288 android.view.ViewRootImpl$TraversalRunnable.run:11344 
06-25 11:50:28.304 21151 21151 I ViewRootImpl@f6511c2[PythonActivity]: Relayout returned: old=(0,0,1080,2400) new=(0,0,1080,2400) relayoutAsync=false req=(1080,2400)0 dur=27 res=0x403 s={true 0xb4000076bf24bf00} ch=true seqId=0
06-25 11:50:28.305 21151 21151 D ViewRootImpl@f6511c2[PythonActivity]: mThreadedRenderer.initialize() mSurface={isValid=true 0xb4000076bf24bf00} hwInitialized=true
06-25 11:50:28.306 21151 21151 I SurfaceView@a896040: windowStopped(false) true org.libsdl.app.SDLSurface{a896040 VFE...... .F...... 0,0-1080,2186 aid=1073741824} of ViewRootImpl@f6511c2[PythonActivity]
06-25 11:50:28.306 21151 21151 I SurfaceView: 176775232 Changes: creating=true format=false size=false visible=true alpha=false hint=false visible=true left=false top=false z=false attached=true lifecycleStrategy=false
06-25 11:50:28.309 21151 21151 I BufferQueueProducer: [](id:529f00000007,api:0,p:-1,c:21151) setDequeueTimeout:2077252342
06-25 11:50:28.309 21151 21151 I BLASTBufferQueue_Java: update, w= 1080 h= 2186 mName = null mNativeObject= 0xb40000771f25be70 sc.mNativeObject= 0xb40000778f22e190 format= 4 caller= android.view.SurfaceView.createBlastSurfaceControls:1517 android.view.SurfaceView.updateSurface:1193 android.view.SurfaceView.setWindowStopped:403 android.view.SurfaceView.surfaceCreated:1994 android.view.ViewRootImpl.notifySurfaceCreated:2945 android.view.ViewRootImpl.performTraversals:4580 
06-25 11:50:28.310 21151 21151 I SurfaceView@a896040: 176775232 Cur surface: Surface(name=null)/@0x1c4406c
06-25 11:50:28.310 21151 21151 I SurfaceView@a896040: pST: sr = Rect(0, 88 - 1080, 2274) sw = 1080 sh = 2186
06-25 11:50:28.310 21151 21151 D SurfaceView@a896040: 176775232 performSurfaceTransaction RenderWorker position = [0, 88, 1080, 2274] surfaceSize = 1080x2186
06-25 11:50:28.310 21151 21151 I SurfaceView@a896040: updateSurface: mVisible = true mSurface.isValid() = true
06-25 11:50:28.310 21151 21151 I SurfaceView@a896040: updateSurface: mSurfaceCreated = false surfaceChanged = true visibleChanged = true
06-25 11:50:28.310 21151 21151 I SurfaceView: 176775232 visibleChanged -- surfaceCreated
06-25 11:50:28.310 21151 21151 I SurfaceView@a896040: surfaceCreated 1 #1 org.libsdl.app.SDLSurface{a896040 VFE...... .F...... 0,0-1080,2186 aid=1073741824}
06-25 11:50:28.310 21151 21151 V SDL     : surfaceCreated()
06-25 11:50:28.310 21151 21151 I SurfaceView: 176775232 surfaceChanged -- format=4 w=1080 h=2186
06-25 11:50:28.310 21151 21151 I SurfaceView@a896040: surfaceChanged (1080,2186) 1 #1 org.libsdl.app.SDLSurface{a896040 VFE...... .F...... 0,0-1080,2186 aid=1073741824}
06-25 11:50:28.310 21151 21151 V SDL     : surfaceChanged()
06-25 11:50:28.310 21151 21151 V SDL     : Window size: 1080x2186
06-25 11:50:28.310 21151 21151 V SDL     : Device size: 1080x2400
06-25 11:50:28.333 21151 21151 I SDL/APP : pixel format wanted SDL_PIXELFORMAT_RGBA8888 (1), got SDL_PIXELFORMAT_RGBA8888 (1)
06-25 11:50:28.334 21151 21151 I SurfaceView: 176775232 surfaceRedrawNeeded
06-25 11:50:28.334 21151 21151 I SurfaceView: 176775232 finishedDrawing
06-25 11:50:28.334 21151 21151 V SurfaceView@a896040: Layout: x=0 y=88 w=1080 h=2186, frame=Rect(0, 0 - 1080, 2186)
06-25 11:50:28.335 21151 21151 D ViewRootImpl@f6511c2[PythonActivity]: reportNextDraw android.view.ViewRootImpl.performTraversals:4718 android.view.ViewRootImpl.doTraversal:3288 android.view.ViewRootImpl$TraversalRunnable.run:11344 android.view.Choreographer$CallbackRecord.run:1689 android.view.Choreographer$CallbackRecord.run:1698 
06-25 11:50:28.335 21151 21151 I ViewRootImpl@f6511c2[PythonActivity]: Setup new sync=wmsSync-ViewRootImpl@f6511c2[PythonActivity]#12
06-25 11:50:28.335 21151 21151 I ViewRootImpl@f6511c2[PythonActivity]: Creating new active sync group ViewRootImpl@f6511c2[PythonActivity]#13
06-25 11:50:28.335 21151 21151 I ViewRootImpl@f6511c2[PythonActivity]: registerCallbacksForSync syncBuffer=false
06-25 11:50:28.336 21151 21175 D SurfaceView: 176775232 updateSurfacePosition RenderWorker, frameNr = 1, position = [0, 88, 1080, 2274] surfaceSize = 1080x2186
06-25 11:50:28.337 21151 21296 I ViewRootImpl@f6511c2[PythonActivity]: Resizing android.view.ViewRootImpl@1dd1393: frame = [0,0][1080,2400] reportDraw = true forceLayout = false syncSeqId = -1
06-25 11:50:28.337 21151 21175 I SurfaceView@a896040: uSP: rtp = Rect(0, 88 - 1080, 2274) rtsw = 1080 rtsh = 2186
06-25 11:50:28.337 21151 21175 I SurfaceView@a896040: onSSPAndSRT: pl = 0 pt = 88 sx = 1.0 sy = 1.0
06-25 11:50:28.337 21151 21175 I SurfaceView@a896040: aOrMT: ViewRootImpl@f6511c2[PythonActivity] t = android.view.SurfaceControl$Transaction@1bc4c90 fN = 1 android.view.SurfaceView.-$$Nest$mapplyOrMergeTransaction:0 android.view.SurfaceView$SurfaceViewPositionUpdateListener.positionChanged:1666 android.graphics.RenderNode$CompositePositionUpdateListener.positionChanged:369 
06-25 11:50:28.337 21151 21175 I ViewRootImpl@f6511c2[PythonActivity]: mWNT: t=0xb4000077ef234c30 mBlastBufferQueue=0xb40000771f2385b0 fn= 1 mRenderHdrSdrRatio=1.0 caller= android.view.SurfaceView.applyOrMergeTransaction:1598 android.view.SurfaceView.-$$Nest$mapplyOrMergeTransaction:0 android.view.SurfaceView$SurfaceViewPositionUpdateListener.positionChanged:1666 
06-25 11:50:28.339 21151 21184 I ViewRootImpl@f6511c2[PythonActivity]: Received frameDrawingCallback syncResult=0 frameNum=1.
06-25 11:50:28.339 21151 21184 I ViewRootImpl@f6511c2[PythonActivity]: mWNT: t=0xb4000077ef26b550 mBlastBufferQueue=0xb40000771f2385b0 fn= 1 mRenderHdrSdrRatio=1.0 caller= android.view.ViewRootImpl$8.onFrameDraw:13841 android.view.ThreadedRenderer$1.onFrameDraw:792 <bottom of call stack> 
06-25 11:50:28.340 21151 21184 I ViewRootImpl@f6511c2[PythonActivity]: Setting up sync and frameCommitCallback
06-25 11:50:28.363 21151 21175 I BLASTBufferQueue: [ViewRootImpl@f6511c2[PythonActivity]#6](f:0,a:0,s:0) onFrameAvailable the first frame is available
06-25 11:50:28.364 21151 21175 I ViewRootImpl@f6511c2[PythonActivity]: Received frameCommittedCallback lastAttemptedDrawFrameNum=1 didProduceBuffer=true
06-25 11:50:28.370 21151 21151 I ViewRootImpl@f6511c2[PythonActivity]: reportDrawFinished seqId=0
06-25 11:50:28.375 21151 21151 I InsetsController: onStateChanged: host=com.timekeeper.timekeeper/org.kivy.android.PythonActivity, from=android.view.ViewRootImpl$ViewRootHandler.handleMessageImpl:7196, state=InsetsState: {mDisplayFrame=Rect(0, 0 - 1080, 2400), mDisplayCutout=DisplayCutout{insets=Rect(0, 88 - 0, 0) waterfall=Insets{left=0, top=0, right=0, bottom=0} boundingRect={Bounds=[Rect(0, 0 - 0, 0), Rect(512, 0 - 568, 88), Rect(0, 0 - 0, 0), Rect(0, 0 - 0, 0)]} cutoutPathParserInfo={CutoutPathParserInfo{displayWidth=1080 displayHeight=2400 physicalDisplayWidth=1080 physicalDisplayHeight=2400 density={2.625} cutoutSpec={M 0,0 M 0,12.25101276465640 a 10.60613009248640,10.60613009248640 0 1,0 0,21.21226018497290 a 10.60613009248640,10.60613009248640 0 1,0 0,-21.21226018497290 Z @dp} rotation={0} scale={1.0} physicalPixelDisplaySizeRatio={1.0}}}}, mRoundedCorners=RoundedCorners{[RoundedCorner{position=TopLeft, radius=0, center=Point(0, 0)}, RoundedCorner{position=TopRight, radius=0, center=Point(0, 0)}, RoundedCorner{position=BottomRight, radius=0, center=Point(0, 0)}, RoundedCorner{position=BottomLeft, radius=0, center=Point(0, 0)}]}  mRoundedCornerFrame=Rect(0, 0 - 1080, 2400), mPrivacyIndicatorBounds=PrivacyIndicatorBounds {static bounds=Rect(964, 0 - 1080, 88) rotation=0}, mDisplayShape=DisplayShape{ spec=-311912193 displayWidth=1080 displayHeight=2400 physicalPixelDisplaySizeRatio=1.0 rotation=0 offsetX=0 offsetY=0 scale=1.0}, mSources= { InsetsSource: {b48b0000 mType=statusBars mFrame=[0,0][1080,88] mVisible=true mFlags=[]}, InsetsSource: {b48b0005 mType=mandatorySystemGestures mFrame=[0,0][1080,120] mVisible=true mFlags=[]}, InsetsSource: {b48b0006 mType=tappableElement mFrame=[0,0][1080,88] mVisible=true mFlags=[]}, InsetsSource: {3 mType=ime mFrame=[0,0][0,0] mVisible=false mFlags=[]}, InsetsSource: {27 mType=displayCutout mFrame=[0,0][1080,88] mVisible=true mFlags=[]}, InsetsSource: {1fbd0001 mType=navigationBars mFrame=[0,2274][1080,2400] mVisible=false mFlags=[]}, InsetsSource: {1fbd0004 mType=systemGestures mFrame=[0,0][0,0] mVisible=true mFlags=[]}, InsetsSource: {1fbd0005 mType=mandatorySystemGestures mFrame=[0,2274][1080,2400] mVisible=true mFlags=[]}, InsetsSource: {1fbd0006 mType=tappableElement mFrame=[0,2274][1080,2400] mVisible=true mFlags=[]}, InsetsSource: {1fbd0024 mType=systemGestures mFrame=[0,0][0,0] mVisible=true mFlags=[]} }
06-25 11:50:28.376 21151 21151 I ViewRootImpl@f6511c2[PythonActivity]: handleResized, msg = 5 frames=ClientWindowFrames{frame=[0,0][1080,2400] display=[0,0][1080,2400] parentFrame=[0,0][0,0]} forceNextWindowRelayout=false displayId=0 dragResizing=false compatScale=1.0 frameChanged=false attachedFrameChanged=false configChanged=false displayChanged=false compatScaleChanged=false
06-25 11:50:28.376 21151 21151 I ViewRootImpl@f6511c2[PythonActivity]: handleResized mSyncSeqId = 0
06-25 11:50:28.377 21151 21151 D ViewRootImpl@f6511c2[PythonActivity]: reportNextDraw android.view.ViewRootImpl.handleResized:2530 android.view.ViewRootImpl.-$$Nest$mhandleResized:0 android.view.ViewRootImpl$ViewRootHandler.handleMessageImpl:7197 android.view.ViewRootImpl$ViewRootHandler.handleMessage:7166 android.os.Handler.dispatchMessage:106 
06-25 11:50:28.388 21151 21151 I ViewRootImpl@f6511c2[PythonActivity]: Setup new sync=wmsSync-ViewRootImpl@f6511c2[PythonActivity]#14
06-25 11:50:28.388 21151 21151 I ViewRootImpl@f6511c2[PythonActivity]: Creating new active sync group ViewRootImpl@f6511c2[PythonActivity]#15
06-25 11:50:28.391 21151 21151 I ViewRootImpl@f6511c2[PythonActivity]: registerCallbacksForSync syncBuffer=false
06-25 11:50:28.392 21151 21185 I ViewRootImpl@f6511c2[PythonActivity]: Received frameDrawingCallback syncResult=0 frameNum=2.
06-25 11:50:28.392 21151 21185 I ViewRootImpl@f6511c2[PythonActivity]: mWNT: t=0xb4000077ef23e630 mBlastBufferQueue=0xb40000771f2385b0 fn= 2 mRenderHdrSdrRatio=1.0 caller= android.view.ViewRootImpl$8.onFrameDraw:13841 android.view.ThreadedRenderer$1.onFrameDraw:792 <bottom of call stack> 
06-25 11:50:28.392 21151 21185 I ViewRootImpl@f6511c2[PythonActivity]: Setting up sync and frameCommitCallback
06-25 11:50:28.403 21151 21175 I ViewRootImpl@f6511c2[PythonActivity]: Received frameCommittedCallback lastAttemptedDrawFrameNum=2 didProduceBuffer=true
06-25 11:50:28.405 21151 21151 I ViewRootImpl@f6511c2[PythonActivity]: reportDrawFinished seqId=0
06-25 11:50:28.473 21151 21249 I ViewRootImpl@f6511c2[PythonActivity]: Resizing android.view.ViewRootImpl@1dd1393: frame = [0,0][1080,2400] reportDraw = false forceLayout = false syncSeqId = -1
06-25 11:50:28.475 21151 21151 I InsetsController: onStateChanged: host=com.timekeeper.timekeeper/org.kivy.android.PythonActivity, from=android.view.ViewRootImpl$ViewRootHandler.handleMessageImpl:7196, state=InsetsState: {mDisplayFrame=Rect(0, 0 - 1080, 2400), mDisplayCutout=DisplayCutout{insets=Rect(0, 88 - 0, 0) waterfall=Insets{left=0, top=0, right=0, bottom=0} boundingRect={Bounds=[Rect(0, 0 - 0, 0), Rect(512, 0 - 568, 88), Rect(0, 0 - 0, 0), Rect(0, 0 - 0, 0)]} cutoutPathParserInfo={CutoutPathParserInfo{displayWidth=1080 displayHeight=2400 physicalDisplayWidth=1080 physicalDisplayHeight=2400 density={2.625} cutoutSpec={M 0,0 M 0,12.25101276465640 a 10.60613009248640,10.60613009248640 0 1,0 0,21.21226018497290 a 10.60613009248640,10.60613009248640 0 1,0 0,-21.21226018497290 Z @dp} rotation={0} scale={1.0} physicalPixelDisplaySizeRatio={1.0}}}}, mRoundedCorners=RoundedCorners{[RoundedCorner{position=TopLeft, radius=0, center=Point(0, 0)}, RoundedCorner{position=TopRight, radius=0, center=Point(0, 0)}, RoundedCorner{position=BottomRight, radius=0, center=Point(0, 0)}, RoundedCorner{position=BottomLeft, radius=0, center=Point(0, 0)}]}  mRoundedCornerFrame=Rect(0, 0 - 1080, 2400), mPrivacyIndicatorBounds=PrivacyIndicatorBounds {static bounds=Rect(964, 0 - 1080, 88) rotation=0}, mDisplayShape=DisplayShape{ spec=-311912193 displayWidth=1080 displayHeight=2400 physicalPixelDisplaySizeRatio=1.0 rotation=0 offsetX=0 offsetY=0 scale=1.0}, mSources= { InsetsSource: {b48b0000 mType=statusBars mFrame=[0,0][1080,88] mVisible=true mFlags=[]}, InsetsSource: {b48b0005 mType=mandatorySystemGestures mFrame=[0,0][1080,120] mVisible=true mFlags=[]}, InsetsSource: {b48b0006 mType=tappableElement mFrame=[0,0][1080,88] mVisible=true mFlags=[]}, InsetsSource: {3 mType=ime mFrame=[0,0][0,0] mVisible=false mFlags=[]}, InsetsSource: {27 mType=displayCutout mFrame=[0,0][1080,88] mVisible=true mFlags=[]}, InsetsSource: {1fbd0001 mType=navigationBars mFrame=[0,2274][1080,2400] mVisible=true mFlags=[]}, InsetsSource: {1fbd0004 mType=systemGestures mFrame=[0,0][0,0] mVisible=true mFlags=[]}, InsetsSource: {1fbd0005 mType=mandatorySystemGestures mFrame=[0,2274][1080,2400] mVisible=true mFlags=[]}, InsetsSource: {1fbd0006 mType=tappableElement mFrame=[0,2274][1080,2400] mVisible=true mFlags=[]}, InsetsSource: {1fbd0024 mType=systemGestures mFrame=[0,0][0,0] mVisible=true mFlags=[]} }
06-25 11:50:28.476 21151 21151 I ViewRootImpl@f6511c2[PythonActivity]: handleResized, msg = 4 frames=ClientWindowFrames{frame=[0,0][1080,2400] display=[0,0][1080,2400] parentFrame=[0,0][0,0]} forceNextWindowRelayout=false displayId=0 dragResizing=false compatScale=1.0 frameChanged=false attachedFrameChanged=false configChanged=false displayChanged=false compatScaleChanged=false
06-25 11:50:28.522 21151 21151 I InsetsSourceConsumer: applyRequestedVisibilityToControl: visible=true, type=navigationBars, host=com.timekeeper.timekeeper/org.kivy.android.PythonActivity
06-25 11:50:28.523 21151 21151 I InsetsSourceConsumer: applyRequestedVisibilityToControl: visible=true, type=statusBars, host=com.timekeeper.timekeeper/org.kivy.android.PythonActivity
06-25 11:50:28.534 21151 21184 I ViewRootImpl@f6511c2[PythonActivity]: mWNT: t=0xb4000077ef263db0 mBlastBufferQueue=0xb40000771f2385b0 fn= 3 mRenderHdrSdrRatio=1.0 caller= android.view.SyncRtSurfaceTransactionApplier.applyTransaction:96 android.view.SyncRtSurfaceTransactionApplier.lambda$scheduleApply$0:69 android.view.SyncRtSurfaceTransactionApplier.$r8$lambda$SgowXC58rj3PR958kHUfRgLZmvE:0 
06-25 11:50:28.551 21151 21151 I ViewRootImpl@f6511c2[PythonActivity]: handleWindowFocusChanged: 1 0 call from android.view.ViewRootImpl.-$$Nest$mhandleWindowFocusChanged:0
06-25 11:50:28.552 21151 21151 D ViewRootImpl@f6511c2[PythonActivity]: mThreadedRenderer.initializeIfNeeded()#2 mSurface={isValid=true 0xb4000076bf24bf00}
06-25 11:50:28.552 21151 21151 V SDL     : onWindowFocusChanged(): true
06-25 11:50:28.552 21151 21151 V SDL     : nativeResume()
06-25 11:50:28.556 21151 21151 D SensorManager: registerListener :: 11, lsm6dso Accelerometer Non-wakeup, 20000, 0, 
06-25 11:50:28.556 21151 21151 V SDL     : nativeFocusChanged()
06-25 11:50:28.557 21151 21151 D InputMethodManagerUtils: startInputInner - Id : 0
06-25 11:50:28.557 21151 21151 I InputMethodManager: startInputInner - IInputMethodManagerGlobalInvoker.startInputOrWindowGainedFocus
06-25 11:50:28.573 21151 21182 I BLASTBufferQueue: [SurfaceView[com.timekeeper.timekeeper/org.kivy.android.PythonActivity]@0#7](f:0,a:0,s:0) onFrameAvailable the first frame is available
06-25 11:50:31.037 21151 21151 I ViewRootImpl@f6511c2[PythonActivity]: ViewPostIme pointer 0
06-25 11:50:31.125 21151 21151 I ViewRootImpl@f6511c2[PythonActivity]: ViewPostIme pointer 1
06-25 11:50:34.944 21151 21151 D InputMethodManagerUtils: startInputInner - Id : 0
06-25 11:50:34.944 21151 21151 I InputMethodManager: startInputInner - IInputMethodManagerGlobalInvoker.startInputOrWindowGainedFocus
06-25 11:50:35.354 21151 21151 V PythonActivity: onPause()
06-25 11:50:35.354 21151 21151 V SDL     : onPause()
06-25 11:50:35.362 21151 21151 I ViewRootImpl@f6511c2[PythonActivity]: handleAppVisibility mAppVisible = true visible = false
06-25 11:50:35.367 21151 21151 I SurfaceView@a896040: onWindowVisibilityChanged(8) false org.libsdl.app.SDLSurface{a896040 VFE...... .F...... 0,0-1080,2186 aid=1073741824} of ViewRootImpl@f6511c2[PythonActivity]
06-25 11:50:35.367 21151 21151 I SurfaceView: 176775232 Changes: creating=false format=false size=false visible=true alpha=false hint=false visible=true left=false top=false z=false attached=true lifecycleStrategy=false
06-25 11:50:35.367 21151 21151 I SurfaceView@a896040: 176775232 Cur surface: Surface(name=null)/@0x1c4406c
06-25 11:50:35.370 21151 21151 I SurfaceView: 176775232 surfaceDestroyed
06-25 11:50:35.370 21151 21151 I SurfaceView@a896040: surfaceDestroyed callback.size 1 #2 org.libsdl.app.SDLSurface{a896040 VFE...... .F...... 0,0-1080,2186 aid=1073741824}
06-25 11:50:35.370 21151 21151 V SDL     : surfaceDestroyed()
06-25 11:50:35.370 21151 21151 V SDL     : nativePause()
06-25 11:50:35.378 21151 21151 D SensorManager: unregisterListener
06-25 11:50:35.381 21151 21182 I python  : [Service] start error: JVM exception occurred: java.lang.ClassNotFoundException: Didn't find class "com.timekeeper.timekeeper.ServiceTimekeeper" on path: DexPathList[[zip file "/data/app/~~1f36Wzr0LfTyK7RpA6TBxw==/com.timekeeper.timekeeper-VRaVQcYXjlt9tTFR0Qr6rg==/base.apk"],nativeLibraryDirectories=[/data/app/~~1f36Wzr0LfTyK7RpA6TBxw==/com.timekeeper.timekeeper-VRaVQcYXjlt9tTFR0Qr6rg==/lib/arm64, /data/app/~~1f36Wzr0LfTyK7RpA6TBxw==/com.timekeeper.timekeeper-VRaVQcYXjlt9tTFR0Qr6rg==/base.apk!/lib/arm64-v8a, /system/lib64, /system/system_ext/lib64]]
06-25 11:50:35.381 21151 21182 I python  : java.lang.ClassNotFoundException: Didn't find class "com.timekeeper.timekeeper.ServiceTimekeeper" on path: DexPathList[[zip file "/data/app/~~1f36Wzr0LfTyK7RpA6TBxw==/com.timekeeper.timekeeper-VRaVQcYXjlt9tTFR0Qr6rg==/base.apk"],nativeLibraryDirectories=[/data/app/~~1f36Wzr0LfTyK7RpA6TBxw==/com.timekeeper.timekeeper-VRaVQcYXjlt9tTFR0Qr6rg==/lib/arm64, /data/app/~~1f36Wzr0LfTyK7RpA6TBxw==/com.timekeeper.timekeeper-VRaVQcYXjlt9tTFR0Qr6rg==/base.apk!/lib/arm64-v8a, /system/lib64, /system/system_ext/lib64]]
06-25 11:50:35.381 21151 21182 I python  : 	dalvik.system.BaseDexClassLoader.findClass(BaseDexClassLoader.java:259)
06-25 11:50:35.381 21151 21182 I python  : 	java.lang.ClassLoader.loadClass(ClassLoader.java:644)
06-25 11:50:35.381 21151 21182 I python  : 	java.lang.ClassLoader.loadClass(ClassLoader.java:580)
06-25 11:50:35.381 21151 21182 I python  : 	org.libsdl.app.SDLActivity.nativeRunMain(Native Method)
06-25 11:50:35.381 21151 21182 I python  : 	org.libsdl.app.SDLMain.run(SDLActivity.java:1911)
06-25 11:50:35.381 21151 21182 I python  : 	java.lang.Thread.run(Thread.java:1572)
06-25 11:50:35.398 21151 21182 I python  : [Alarm] scheduled in 56s
06-25 11:50:35.409 21151 21151 I SurfaceView@a896040: updateSurface: mVisible = false mSurface.isValid() = true
06-25 11:50:35.412 21151 21151 I SurfaceView@a896040: releaseSurfaces: viewRoot = ViewRootImpl@f6511c2[PythonActivity]
06-25 11:50:35.413 21151 21151 V SurfaceView@a896040: Layout: x=0 y=88 w=1080 h=2186, frame=Rect(0, 0 - 1080, 2186)
06-25 11:50:35.414 21151 21151 I ViewRootImpl@f6511c2[PythonActivity]: destroyHardwareResources: Callers=android.view.ViewRootImpl.performTraversals:3932 android.view.ViewRootImpl.doTraversal:3288 android.view.ViewRootImpl$TraversalRunnable.run:11344 android.view.Choreographer$CallbackRecord.run:1689 android.view.Choreographer$CallbackRecord.run:1698 android.view.Choreographer.doCallbacks:1153 android.view.Choreographer.doFrame:1079 android.view.Choreographer$FrameDisplayEventReceiver.run:1646 android.os.Handler.handleCallback:958 android.os.Handler.dispatchMessage:99 
06-25 11:50:35.415 21151 21175 D SurfaceView: 72449959 windowPositionLost, frameNr = 0
06-25 11:50:35.416 21151 21175 D OpenGLRenderer: CacheManager::trimMemory(20)
06-25 11:50:35.437 21151 21151 I ViewRootImpl@f6511c2[PythonActivity]: Relayout returned: old=(0,0,1080,2400) new=(0,0,1080,2400) relayoutAsync=false req=(1080,2400)8 dur=14 res=0x402 s={false 0x0} ch=true seqId=0
06-25 11:50:35.437 21151 21151 I SurfaceView@a896040: windowStopped(true) false org.libsdl.app.SDLSurface{a896040 VFE...... .F...... 0,0-1080,2186 aid=1073741824} of ViewRootImpl@f6511c2[PythonActivity]
06-25 11:50:35.437 21151 21151 D SurfaceView@a896040: updateSurface: surface is not valid
06-25 11:50:35.437 21151 21151 I SurfaceView@a896040: releaseSurfaces: viewRoot = ViewRootImpl@f6511c2[PythonActivity]
06-25 11:50:35.442 21151 21151 D SurfaceView@a896040: updateSurface: surface is not valid
06-25 11:50:35.442 21151 21151 I SurfaceView@a896040: releaseSurfaces: viewRoot = ViewRootImpl@f6511c2[PythonActivity]
06-25 11:50:35.444 21151 21175 D OpenGLRenderer: CacheManager::trimMemory(20)
06-25 11:50:35.447 21151 21151 D SurfaceView@a896040: updateSurface: surface is not valid
06-25 11:50:35.447 21151 21151 I SurfaceView@a896040: releaseSurfaces: viewRoot = ViewRootImpl@f6511c2[PythonActivity]
06-25 11:50:35.448 21151 21151 I ViewRootImpl@f6511c2[PythonActivity]: stopped(true) old = false
06-25 11:50:35.448 21151 21151 D ViewRootImpl@f6511c2[PythonActivity]: WindowStopped on com.timekeeper.timekeeper/org.kivy.android.PythonActivity set to true
06-25 11:50:35.448 21151 21175 D OpenGLRenderer: CacheManager::trimMemory(20)
06-25 11:50:35.449 21151 21151 V SDL     : onStop()
06-25 11:50:35.454 21151 21151 I ViewRootImpl@f6511c2[PythonActivity]: onDisplayChanged oldDisplayState=2 newDisplayState=1
06-25 11:50:35.455 21151 21151 I ViewRootImpl: updatePointerIcon pointerType = 1, calling pid = 21151
06-25 11:50:35.456 21151 21151 D InputManagerGlobal: setPointerIconType iconId = 1, callingPid = 21151
06-25 11:50:35.461 21151 21151 I ViewRootImpl@f6511c2[PythonActivity]: handleWindowFocusChanged: 0 0 call from android.view.ViewRootImpl.-$$Nest$mhandleWindowFocusChanged:0
06-25 11:50:35.462 21151 21151 I ImeFocusController: onPreWindowFocus: skipped, hasWindowFocus=false mHasImeFocus=true
06-25 11:50:35.463 21151 21151 V SDL     : onWindowFocusChanged(): false
06-25 11:50:35.463 21151 21151 V SDL     : nativeFocusChanged()
06-25 11:50:35.463 21151 21151 I ImeFocusController: onPostWindowFocus: skipped, hasWindowFocus=false mHasImeFocus=true
06-25 11:50:35.471 21151 21151 D SurfaceView@a896040: updateSurface: surface is not valid
06-25 11:50:35.471 21151 21151 I SurfaceView@a896040: releaseSurfaces: viewRoot = ViewRootImpl@f6511c2[PythonActivity]
06-25 11:50:35.571 21151 21151 I ViewRootImpl@f6511c2[PythonActivity]: onDisplayChanged oldDisplayState=1 newDisplayState=1
06-25 11:50:36.165 21151 21151 I ViewRootImpl@f6511c2[PythonActivity]: onDisplayChanged oldDisplayState=1 newDisplayState=3
06-25 11:50:36.186 21151 21151 D SurfaceView@a896040: updateSurface: surface is not valid
06-25 11:50:36.186 21151 21151 I SurfaceView@a896040: releaseSurfaces: viewRoot = ViewRootImpl@f6511c2[PythonActivity]
06-25 11:50:36.394 21151 21151 I ViewRootImpl@f6511c2[PythonActivity]: onDisplayChanged oldDisplayState=3 newDisplayState=3
06-25 11:50:37.196 21151 21151 I ViewRootImpl@f6511c2[PythonActivity]: onDisplayChanged oldDisplayState=3 newDisplayState=4
06-25 11:50:37.225 21151 21151 I ViewRootImpl@f6511c2[PythonActivity]: onDisplayChanged oldDisplayState=4 newDisplayState=4
06-25 11:50:42.083 21151 21151 I ViewRootImpl@f6511c2[PythonActivity]: onDisplayChanged oldDisplayState=4 newDisplayState=3
06-25 11:50:42.090 21151 21151 I ViewRootImpl@f6511c2[PythonActivity]: onDisplayChanged oldDisplayState=3 newDisplayState=3
06-25 11:50:43.092 21151 21151 I ViewRootImpl@f6511c2[PythonActivity]: onDisplayChanged oldDisplayState=3 newDisplayState=4
06-25 11:50:43.126 21151 21151 I ViewRootImpl@f6511c2[PythonActivity]: onDisplayChanged oldDisplayState=4 newDisplayState=4
06-25 11:50:52.102 21151 21151 I ViewRootImpl@f6511c2[PythonActivity]: onDisplayChanged oldDisplayState=4 newDisplayState=3
06-25 11:50:52.123 21151 21151 I ViewRootImpl@f6511c2[PythonActivity]: onDisplayChanged oldDisplayState=3 newDisplayState=3
06-25 11:50:52.786 21151 21151 I ViewRootImpl@f6511c2[PythonActivity]: onDisplayChanged oldDisplayState=3 newDisplayState=2
06-25 11:50:52.795 21151 21151 D SurfaceView@a896040: updateSurface: surface is not valid
06-25 11:50:52.795 21151 21151 I SurfaceView@a896040: releaseSurfaces: viewRoot = ViewRootImpl@f6511c2[PythonActivity]
06-25 11:50:52.862 21151 21151 I ViewRootImpl@f6511c2[PythonActivity]: onDisplayChanged oldDisplayState=2 newDisplayState=2
06-25 11:50:59.220 21151 21151 I ViewRootImpl@f6511c2[PythonActivity]: onDisplayChanged oldDisplayState=2 newDisplayState=1
06-25 11:50:59.339 21151 21151 I ViewRootImpl@f6511c2[PythonActivity]: onDisplayChanged oldDisplayState=1 newDisplayState=1
06-25 11:50:59.951 21151 21151 I ViewRootImpl@f6511c2[PythonActivity]: onDisplayChanged oldDisplayState=1 newDisplayState=3
06-25 11:50:59.973 21151 21151 D SurfaceView@a896040: updateSurface: surface is not valid
06-25 11:50:59.973 21151 21151 I SurfaceView@a896040: releaseSurfaces: viewRoot = ViewRootImpl@f6511c2[PythonActivity]
06-25 11:51:00.194 21151 21151 I ViewRootImpl@f6511c2[PythonActivity]: onDisplayChanged oldDisplayState=3 newDisplayState=3
06-25 11:51:00.993 21151 21151 I ViewRootImpl@f6511c2[PythonActivity]: onDisplayChanged oldDisplayState=3 newDisplayState=4
06-25 11:51:01.053 21151 21151 I ViewRootImpl@f6511c2[PythonActivity]: onDisplayChanged oldDisplayState=4 newDisplayState=4
06-25 11:51:04.951 21151 21151 I ViewRootImpl@f6511c2[PythonActivity]: onDisplayChanged oldDisplayState=4 newDisplayState=3
06-25 11:51:04.953 21151 21151 I ViewRootImpl@f6511c2[PythonActivity]: onDisplayChanged oldDisplayState=3 newDisplayState=3
06-25 11:51:05.027 21151 21151 I ViewRootImpl@f6511c2[PythonActivity]: onDisplayChanged oldDisplayState=3 newDisplayState=4
06-25 11:51:05.074 21151 21151 I ViewRootImpl@f6511c2[PythonActivity]: onDisplayChanged oldDisplayState=4 newDisplayState=4
06-25 11:51:12.920 21151 21151 I ViewRootImpl@f6511c2[PythonActivity]: onDisplayChanged oldDisplayState=4 newDisplayState=3
06-25 11:51:12.930 21151 21151 I ViewRootImpl@f6511c2[PythonActivity]: onDisplayChanged oldDisplayState=3 newDisplayState=3
06-25 11:51:13.934 21151 21151 I ViewRootImpl@f6511c2[PythonActivity]: onDisplayChanged oldDisplayState=3 newDisplayState=4
06-25 11:51:13.982 21151 21151 I ViewRootImpl@f6511c2[PythonActivity]: onDisplayChanged oldDisplayState=4 newDisplayState=4
06-25 11:51:22.969 21151 21151 I ViewRootImpl@f6511c2[PythonActivity]: onDisplayChanged oldDisplayState=4 newDisplayState=3
06-25 11:51:22.983 21151 21151 I ViewRootImpl@f6511c2[PythonActivity]: onDisplayChanged oldDisplayState=3 newDisplayState=3
06-25 11:51:23.986 21151 21151 I ViewRootImpl@f6511c2[PythonActivity]: onDisplayChanged oldDisplayState=3 newDisplayState=4
06-25 11:51:24.042 21151 21151 I ViewRootImpl@f6511c2[PythonActivity]: onDisplayChanged oldDisplayState=4 newDisplayState=4
06-25 11:51:33.042 21151 21151 I ViewRootImpl@f6511c2[PythonActivity]: onDisplayChanged oldDisplayState=4 newDisplayState=3
06-25 11:51:33.063 21151 21151 I ViewRootImpl@f6511c2[PythonActivity]: onDisplayChanged oldDisplayState=3 newDisplayState=3
06-25 11:51:34.060 21151 21151 I ViewRootImpl@f6511c2[PythonActivity]: onDisplayChanged oldDisplayState=3 newDisplayState=4
06-25 11:51:34.125 21151 21151 I ViewRootImpl@f6511c2[PythonActivity]: onDisplayChanged oldDisplayState=4 newDisplayState=4
06-25 11:51:43.087 21151 21151 I ViewRootImpl@f6511c2[PythonActivity]: onDisplayChanged oldDisplayState=4 newDisplayState=3
06-25 11:51:44.100 21151 21151 I ViewRootImpl@f6511c2[PythonActivity]: onDisplayChanged oldDisplayState=3 newDisplayState=4
06-25 11:51:44.151 21151 21151 I ViewRootImpl@f6511c2[PythonActivity]: onDisplayChanged oldDisplayState=4 newDisplayState=4
06-25 11:51:53.154 21151 21151 I ViewRootImpl@f6511c2[PythonActivity]: onDisplayChanged oldDisplayState=4 newDisplayState=3
06-25 11:51:53.161 21151 21151 I ViewRootImpl@f6511c2[PythonActivity]: onDisplayChanged oldDisplayState=3 newDisplayState=3
06-25 11:51:54.165 21151 21151 I ViewRootImpl@f6511c2[PythonActivity]: onDisplayChanged oldDisplayState=3 newDisplayState=4
06-25 11:51:54.206 21151 21151 I ViewRootImpl@f6511c2[PythonActivity]: onDisplayChanged oldDisplayState=4 newDisplayState=4
06-25 11:52:00.950 21151 21151 I ViewRootImpl@f6511c2[PythonActivity]: onDisplayChanged oldDisplayState=4 newDisplayState=3
06-25 11:52:00.965 21151 21151 I ViewRootImpl@f6511c2[PythonActivity]: onDisplayChanged oldDisplayState=3 newDisplayState=3
06-25 11:52:01.050 21151 21151 I ViewRootImpl@f6511c2[PythonActivity]: onDisplayChanged oldDisplayState=3 newDisplayState=4
06-25 11:52:01.112 21151 21151 I ViewRootImpl@f6511c2[PythonActivity]: onDisplayChanged oldDisplayState=4 newDisplayState=4
06-25 11:52:03.226 21151 21151 I ViewRootImpl@f6511c2[PythonActivity]: onDisplayChanged oldDisplayState=4 newDisplayState=3
06-25 11:52:03.236 21151 21151 I ViewRootImpl@f6511c2[PythonActivity]: onDisplayChanged oldDisplayState=3 newDisplayState=3
06-25 11:52:04.257 21151 21151 I ViewRootImpl@f6511c2[PythonActivity]: onDisplayChanged oldDisplayState=3 newDisplayState=4
06-25 11:52:04.291 21151 21151 I ViewRootImpl@f6511c2[PythonActivity]: onDisplayChanged oldDisplayState=4 newDisplayState=4
06-25 11:52:13.282 21151 21151 I ViewRootImpl@f6511c2[PythonActivity]: onDisplayChanged oldDisplayState=4 newDisplayState=3
06-25 11:52:13.301 21151 21151 I ViewRootImpl@f6511c2[PythonActivity]: onDisplayChanged oldDisplayState=3 newDisplayState=3
06-25 11:52:14.302 21151 21151 I ViewRootImpl@f6511c2[PythonActivity]: onDisplayChanged oldDisplayState=3 newDisplayState=4
06-25 11:52:14.359 21151 21151 I ViewRootImpl@f6511c2[PythonActivity]: onDisplayChanged oldDisplayState=4 newDisplayState=4
06-25 11:52:33.466 21151 21151 I ViewRootImpl@f6511c2[PythonActivity]: onDisplayChanged oldDisplayState=4 newDisplayState=3
06-25 11:52:33.484 21151 21151 I ViewRootImpl@f6511c2[PythonActivity]: onDisplayChanged oldDisplayState=3 newDisplayState=3
06-25 11:52:34.475 21151 21151 I ViewRootImpl@f6511c2[PythonActivity]: onDisplayChanged oldDisplayState=3 newDisplayState=4
06-25 11:52:34.531 21151 21151 I ViewRootImpl@f6511c2[PythonActivity]: onDisplayChanged oldDisplayState=4 newDisplayState=4
06-25 11:52:53.564 21151 21151 I ViewRootImpl@f6511c2[PythonActivity]: onDisplayChanged oldDisplayState=4 newDisplayState=3
06-25 11:52:53.576 21151 21151 I ViewRootImpl@f6511c2[PythonActivity]: onDisplayChanged oldDisplayState=3 newDisplayState=3
06-25 11:52:54.571 21151 21151 I ViewRootImpl@f6511c2[PythonActivity]: onDisplayChanged oldDisplayState=3 newDisplayState=4
06-25 11:52:54.613 21151 21151 I ViewRootImpl@f6511c2[PythonActivity]: onDisplayChanged oldDisplayState=4 newDisplayState=4
06-25 11:53:00.984 21151 21151 I ViewRootImpl@f6511c2[PythonActivity]: onDisplayChanged oldDisplayState=4 newDisplayState=3
06-25 11:53:01.009 21151 21151 I ViewRootImpl@f6511c2[PythonActivity]: onDisplayChanged oldDisplayState=3 newDisplayState=3
06-25 11:53:01.084 21151 21151 I ViewRootImpl@f6511c2[PythonActivity]: onDisplayChanged oldDisplayState=3 newDisplayState=4
06-25 11:53:01.152 21151 21151 I ViewRootImpl@f6511c2[PythonActivity]: onDisplayChanged oldDisplayState=4 newDisplayState=4
06-25 11:53:03.614 21151 21151 I ViewRootImpl@f6511c2[PythonActivity]: onDisplayChanged oldDisplayState=4 newDisplayState=3
06-25 11:53:03.625 21151 21151 I ViewRootImpl@f6511c2[PythonActivity]: onDisplayChanged oldDisplayState=3 newDisplayState=3
06-25 11:53:04.624 21151 21151 I ViewRootImpl@f6511c2[PythonActivity]: onDisplayChanged oldDisplayState=3 newDisplayState=4
06-25 11:53:04.671 21151 21151 I ViewRootImpl@f6511c2[PythonActivity]: onDisplayChanged oldDisplayState=4 newDisplayState=4
06-25 11:53:13.673 21151 21151 I ViewRootImpl@f6511c2[PythonActivity]: onDisplayChanged oldDisplayState=4 newDisplayState=3
06-25 11:53:13.690 21151 21151 I ViewRootImpl@f6511c2[PythonActivity]: onDisplayChanged oldDisplayState=3 newDisplayState=3
06-25 11:53:14.696 21151 21151 I ViewRootImpl@f6511c2[PythonActivity]: onDisplayChanged oldDisplayState=3 newDisplayState=4
06-25 11:53:14.765 21151 21151 I ViewRootImpl@f6511c2[PythonActivity]: onDisplayChanged oldDisplayState=4 newDisplayState=4
06-25 11:53:23.727 21151 21151 I ViewRootImpl@f6511c2[PythonActivity]: onDisplayChanged oldDisplayState=4 newDisplayState=3
06-25 11:53:23.739 21151 21151 I ViewRootImpl@f6511c2[PythonActivity]: onDisplayChanged oldDisplayState=3 newDisplayState=3
06-25 11:53:24.392 21151 21151 I ViewRootImpl@f6511c2[PythonActivity]: onDisplayChanged oldDisplayState=3 newDisplayState=2
06-25 11:53:24.401 21151 21151 D SurfaceView@a896040: updateSurface: surface is not valid
06-25 11:53:24.401 21151 21151 I SurfaceView@a896040: releaseSurfaces: viewRoot = ViewRootImpl@f6511c2[PythonActivity]
06-25 11:53:24.477 21151 21151 I ViewRootImpl@f6511c2[PythonActivity]: onDisplayChanged oldDisplayState=2 newDisplayState=2
06-25 11:53:26.272 21151 21151 I ViewRootImpl@f6511c2[PythonActivity]: handleAppVisibility mAppVisible = false visible = true
06-25 11:53:26.294 21151 21151 I ViewRootImpl@f6511c2[PythonActivity]: stopped(false) old = true
06-25 11:53:26.294 21151 21151 D ViewRootImpl@f6511c2[PythonActivity]: WindowStopped on com.timekeeper.timekeeper/org.kivy.android.PythonActivity set to false
06-25 11:53:26.295 21151 21151 V SDL     : onStart()
06-25 11:53:26.298 21151 21151 V PythonActivity: onResume()
06-25 11:53:26.298 21151 21151 V SDL     : onResume()
06-25 11:53:26.305 21151 21151 I SurfaceView@a896040: onWindowVisibilityChanged(0) false org.libsdl.app.SDLSurface{a896040 VFE...... .F...... 0,0-1080,2186 aid=1073741824} of ViewRootImpl@f6511c2[PythonActivity]
06-25 11:53:26.305 21151 21151 D SurfaceView@a896040: updateSurface: surface is not valid
06-25 11:53:26.305 21151 21151 I SurfaceView@a896040: releaseSurfaces: viewRoot = ViewRootImpl@f6511c2[PythonActivity]
